[escamboo.com/lp-metodo-mines-pro/indexeb7b.html]
[backblue.gif]
[fade.gif]
[index.html]
[escamboo.com/wp-content/cache/wpfc-minified/lm76xaw5/owe0.css]
[c0.wp.com/c/6.1.1/wp-includes/css/dist/block-library/style.min.css]
[c0.wp.com/c/6.1.1/wp-includes/js/mediaelement/mediaelementplayer-legacy.min.css]
[c0.wp.com/c/6.1.1/wp-includes/js/mediaelement/wp-mediaelement.min.css]
[escamboo.com/wp-content/cache/wpfc-minified/9ktomm2w/owe0.css]
[escamboo.com/wp-content/uploads/elementor/css/post-5c2fa.css]
[escamboo.com/wp-content/cache/wpfc-minified/8i0nfm2f/owe0.css]
[escamboo.com/wp-content/uploads/elementor/css/post-10968b7b7.css]
[escamboo.com/wp-content/cache/wpfc-minified/d50i1g65/owe0.css]
[c0.wp.com/p/jetpack/11.9.1/css/jetpack.css]
[c0.wp.com/c/6.1.1/wp-includes/js/jquery/jquery.min.js]
[c0.wp.com/c/6.1.1/wp-includes/js/jquery/jquery-migrate.min.js]
[escamboo.com/wp-content/cache/wpfc-minified/kxy4we87/owe0.js]
[escamboo.com/wp-content/uploads/2022/11/download-150x150.png]
[escamboo.com/wp-content/uploads/2022/11/download.png]
[metodominespro.com/wp-includes/css/dist/block-library/style.min6a4d.css]
[metodominespro.com/wp-includes/css/classic-themes.min68b3.css]
[metodominespro.com/wp-content/themes/hello-elementor/style.minc141.css]
[metodominespro.com/wp-content/themes/hello-elementor/theme.minc141.css]
[escamboo.com/lp-metodo-mines-pro/index.html]
[metodominespro.com/wp-content/uploads/elementor/css/custom-frontend-lite.minae35.css]
[metodominespro.com/wp-content/uploads/elementor/css/post-7df49.css]
[metodominespro.com/wp-content/uploads/elementor/css/custom-pro-frontend-lite.min2a05.css]
[metodominespro.com/wp-content/uploads/elementor/css/globalb29c.css]
[metodominespro.com/wp-content/uploads/elementor/css/post-680103.css]
[metodominespro.com/wp-content/plugins/happy-elementor-addons/assets/fonts/style.min7e2e.css]
[metodominespro.com/wp-content/plugins/elementor/assets/lib/font-awesome/css/font-awesome.min1849.css]
[metodominespro.com/wp-includes/js/jquery/jquery.mina7a0.js]
[metodominespro.com/wp-includes/js/jquery/jquery-migrate.mind617.js]
[metodominespro.com/wp-content/uploads/2023/01/cropped-favicon-mines-32x32.png]
[metodominespro.com/wp-content/uploads/2023/01/cropped-favicon-mines-192x192.png]
[metodominespro.com/wp-content/uploads/2023/01/cropped-favicon-mines-180x180.png]
[metodominespro.com/wp-content/uploads/2023/01/cropped-favicon-mines-270x270.png]
[metodominespro.com/wp-content/uploads/2023/01/MINES-LOGO-PNG-low-v2.png]
[metodominespro.com/wp-content/uploads/2023/01/mockup-iphone-telegram.png]
[metodominespro.com/wp-content/uploads/2023/01/selo-garantia-v2.png]
[metodominespro.com/wp-content/uploads/elementor/css/custom-widget-icon-list.minc12e.css]
[escamboo.com/cdn-cgi/scripts/5c5dd728/cloudflare-static/email-decode.min.js]
[metodominespro.com/wp-content/themes/hello-elementor/assets/js/hello-frontend.min8a54.js]
[metodominespro.com/wp-content/plugins/happy-elementor-addons/assets/js/happy-addons.min7e2e.js]
[metodominespro.com/wp-content/plugins/elementor-pro/assets/js/webpack-pro.runtime.min007f.js]
[metodominespro.com/wp-content/plugins/elementor/assets/js/webpack.runtime.min2f56.js]
[metodominespro.com/wp-content/plugins/elementor/assets/js/frontend-modules.min2f56.js]
[metodominespro.com/wp-includes/js/dist/vendor/regenerator-runtime.min3937.js]
[metodominespro.com/wp-includes/js/dist/vendor/wp-polyfill.min2c7c.js]
[metodominespro.com/wp-includes/js/dist/hooks.min6c65.js]
[metodominespro.com/wp-includes/js/dist/i18n.mine57b.js]
[metodominespro.com/wp-content/plugins/elementor-pro/assets/js/frontend.min007f.js]
[metodominespro.com/wp-content/plugins/elementor/assets/lib/waypoints/waypoints.min05da.js]
[metodominespro.com/wp-includes/js/jquery/ui/core.min3f14.js]
[metodominespro.com/wp-content/plugins/elementor/assets/js/frontend.min2f56.js]
[metodominespro.com/wp-content/plugins/elementor-pro/assets/js/elements-handlers.min007f.js]
[stats.wp.com/w4baf.js]
[escamboo.com/wp-content/plugins/jetpack/jetpack_vendor/automattic/jetpack-connection/dist/tracks-callablesdfd5.js]
[escamboo.com/wp-content/plugins/themesflat-addons-for-elementor/assets/js/anime.minfd2c.js]
[escamboo.com/wp-content/plugins/themesflat-addons-for-elementor/assets/js/textanimationfd2c.js]
[escamboo.com/wp-content/plugins/themesflat-addons-for-elementor/assets/js/tf-mainfd2c.js]
[escamboo.com/wp-content/plugins/themesflat-addons-for-elementor/post-format/assets/js/iziModalfd2c.js]
[escamboo.com/wp-content/plugins/themesflat-addons-for-elementor/post-format/assets/js/jquery.mb.YTPlayerfd2c.js]
[escamboo.com/wp-content/themes/hello-elementor/assets/js/hello-frontend.min8a54.js]
[escamboo.com/wp-content/plugins/elementskit-lite/libs/framework/assets/js/frontend-script1102.js]
[escamboo.com/wp-content/plugins/elementskit-lite/widgets/init/assets/js/widget-scripts1102.js]
[escamboo.com/wp-content/plugins/jetpack/jetpack_vendor/automattic/jetpack-lazy-images/dist/intersection-observer05bd.js]
[escamboo.com/wp-content/plugins/jetpack/jetpack_vendor/automattic/jetpack-lazy-images/dist/lazy-imagesf1b2.js]
[escamboo.com/wp-content/plugins/happy-elementor-addons/assets/js/happy-addons.mincd70.js]
[escamboo.com/wp-content/plugins/happy-elementor-addons-pro/assets/js/happy-addons-pro653d.js]
[escamboo.com/wp-content/plugins/pro-elements/assets/js/webpack-pro.runtime.min9e95.js]
[escamboo.com/wp-content/plugins/elementor/assets/js/webpack.runtime.min695d.js]
[escamboo.com/wp-content/plugins/elementor/assets/js/frontend-modules.min695d.js]
[c0.wp.com/c/6.1.1/wp-includes/js/dist/vendor/regenerator-runtime.min.js]
[c0.wp.com/c/6.1.1/wp-includes/js/dist/vendor/wp-polyfill.min.js]
[c0.wp.com/c/6.1.1/wp-includes/js/dist/hooks.min.js]
[c0.wp.com/c/6.1.1/wp-includes/js/dist/i18n.min.js]
[escamboo.com/wp-content/plugins/pro-elements/assets/js/frontend.min9e95.js]
[escamboo.com/wp-content/plugins/elementor/assets/lib/waypoints/waypoints.min05da.js]
[c0.wp.com/c/6.1.1/wp-includes/js/jquery/ui/core.min.js]
[escamboo.com/wp-content/plugins/elementor/assets/js/frontend.min695d.js]
[escamboo.com/wp-content/plugins/pro-elements/assets/js/elements-handlers.min9e95.js]
[escamboo.com/wp-content/plugins/elementskit-lite/widgets/init/assets/js/animate-circle1102.js]
[escamboo.com/wp-content/plugins/elementskit-lite/widgets/init/assets/js/elementor1102.js]
[escamboo.com/lp-metodo-mines-pro/indexeb7b.html]
[escamboo.com/wp-content/plugins/elementor/assets/lib/swiper/swiper.min1102.js]
[escamboo.com/wp-content/plugins/themesflat-addons-for-elementor/assets/css/loading/loading.gif]
[escamboo.com/wp-content/plugins/themesflat-addons-for-elementor/assets/img/icon-close.png]
[escamboo.com/wp-content/cache/wpfc-minified/lm76xaw5/owe0.css]
[c0.wp.com/c/6.1.1/wp-includes/css/dist/block-library/style.min.css]
[c0.wp.com/c/6.1.1/wp-includes/js/mediaelement/mediaelementplayer-legacy.min.css]
[c0.wp.com/c/6.1.1/wp-includes/js/mediaelement/wp-mediaelement.min.css]
[c0.wp.com/c/6.1.1/wp-includes/css/classic-themes.min.css]
[escamboo.com/wp-content/cache/wpfc-minified/9ktomm2w/owe0.css]
[escamboo.com/wp-content/uploads/elementor/css/post-5c2fa.css]
[escamboo.com/wp-content/cache/wpfc-minified/8i0nfm2f/owe0.css]
[escamboo.com/wp-content/uploads/elementor/css/post-10968b7b7.css]
[c0.wp.com/c/6.1.1/wp-includes/js/mediaelement/mejs-controls.svg]
[escamboo.com/wp-content/plugins/elementskit-lite/widgets/init/assets/img/arrow.png]
[escamboo.com/wp-content/cache/wpfc-minified/d50i1g65/owe0.css]
[c0.wp.com/p/jetpack/11.9.1/modules/shortcodes/img/slideshow-controls.png]
[c0.wp.com/p/jetpack/11.9.1/modules/shortcodes/img/slideshow-controls-2x.png]
[c0.wp.com/p/jetpack/11.9.1/modules/shortcodes/images/slide-nav.png]
[c0.wp.com/p/jetpack/11.9.1/modules/shortcodes/images/expand.png]
[c0.wp.com/p/jetpack/11.9.1/modules/shortcodes/images/collapse.png]
[secure.gravatar.com/images/grav-share-sprite.png]
[c0.wp.com/p/jetpack/11.9.1/css/jetpack.css]
[escamboo.com/lp-metodo-mines-pro/index.html]
[metodominespro.com/wp-includes/css/dist/block-library/style.min6a4d.css]
[metodominespro.com/wp-includes/css/classic-themes.min68b3.css]
[metodominespro.com/wp-content/themes/hello-elementor/style.minc141.css]
[metodominespro.com/wp-content/themes/hello-elementor/theme.minc141.css]
[metodominespro.com/wp-content/uploads/elementor/css/custom-frontend-lite.minae35.css]
[metodominespro.com/wp-content/uploads/elementor/css/post-7df49.css]
[metodominespro.com/wp-content/uploads/elementor/css/custom-pro-frontend-lite.min2a05.css]
[metodominespro.com/wp-content/uploads/elementor/css/globalb29c.css]
[metodominespro.com/wp-content/uploads/2023/01/bg-headline-mines-estrela-bet.jpg]
[metodominespro.com/wp-content/uploads/2023/01/bg-sessao-02-mines-estrela-bet-v2.jpg]
[metodominespro.com/wp-content/uploads/2023/01/bg-oferta-mines-estrela-bet.jpg]
[metodominespro.com/wp-content/uploads/elementor/css/post-680103.css]
[metodominespro.com/wp-content/plugins/happy-elementor-addons/assets/fonts/happy-icons.woff2]
[metodominespro.com/wp-content/plugins/happy-elementor-addons/assets/fonts/happy-icons.woff]
[metodominespro.com/wp-content/plugins/happy-elementor-addons/assets/fonts/style.min7e2e.css]
[metodominespro.com/wp-content/plugins/elementor/assets/lib/font-awesome/css/font-awesome.min1849.css]
[www.googletagmanager.com/gtm5445.html]
[metodominespro.com/wp-content/uploads/elementor/css/custom-widget-icon-list.minc12e.css]
[c0.wp.com/c/6.1.1/wp-includes/js/mediaelement/mejs-controls.svg]
[metodominespro.com/wp-content/plugins/happy-elementor-addons/assets/fonts/happy-icons.svg]
[metodominespro.com/wp-content/plugins/happy-elementor-addons/assets/fonts/happy-icons.svg]
